Γû▓ Next.js 16.1.6 (Turbopack)
- Environments: .env.local

node.exe : ΓÜá The 
"middleware" file 
convention is 
deprecated. Please 
use "proxy" instead. 
Learn more: https://ne
xtjs.org/docs/messages
/middleware-to-proxy
At C:\Program Files\no
dejs\npx.ps1:29 char:3
+   & $NODE_EXE 
$NPX_CLI_JS $args
+   ~~~~~~~~~~~~~~~~~~
~~~~~~~~~~~
    + CategoryInfo    
          : NotSpeci  
  fied: (ΓÜá The "m   
 iddle...leware-to    
-proxy:String) []    
, RemoteException
    + FullyQualifiedE 
   rrorId : NativeCo  
  mmandError
 
  Creating an optimized production build ...

> Build error occurred
Error: Turbopack 
build failed with 1 
errors:
./app/layout.tsx:3:1
Module not found: 
Can't resolve 
'@clerk/themes'
[0m [90m 1 |[39m 
[36mimport[39m type 
{ [33mMetadata[39m 
} [36mfrom[39m [32m
"next"[39m[33m;[39m
 [90m 2 |[39m 
[36mimport[39m { [3
3mClerkProvider[39m 
} [36mfrom[39m [32m
"@clerk/nextjs"[39m[
33m;[39m
[31m[1m>[22m[39m[
90m 3 |[39m 
[36mimport[39m { 
dark } [36mfrom[39m 
[32m"@clerk/themes"[
39m[33m;[39m
 [90m   |[39m [31m
[1m^[22m[39m[31m[1
m^[22m[39m[31m[1m^
[22m[39m[31m[1m^[
22m[39m[31m[1m^[22
m[39m[31m[1m^[22m
[39m[31m[1m^[22m[3
9m[31m[1m^[22m[39m
[31m[1m^[22m[39m[
31m[1m^[22m[39m[31
m[1m^[22m[39m[31m
[1m^[22m[39m[31m[1
m^[22m[39m[31m[1m^
[22m[39m[31m[1m^[
22m[39m[31m[1m^[22
m[39m[31m[1m^[22m
[39m[31m[1m^[22m[3
9m[31m[1m^[22m[39m
[31m[1m^[22m[39m[
31m[1m^[22m[39m[31
m[1m^[22m[39m[31m
[1m^[22m[39m[31m[1
m^[22m[39m[31m[1m^
[22m[39m[31m[1m^[
22m[39m[31m[1m^[22
m[39m[31m[1m^[22m
[39m[31m[1m^[22m[3
9m[31m[1m^[22m[39m
[31m[1m^[22m[39m[
31m[1m^[22m[39m[31
m[1m^[22m[39m[31m
[1m^[22m[39m[31m[1
m^[22m[39m[31m[1m^
[22m[39m[31m[1m^[
22m[39m
 [90m 4 |[39m 
[36mimport[39m [32m
"./globals.css"[39m[
33m;[39m
 [90m 5 |[39m
 [90m 6 |[39m 
[36mexport[39m 
[36mconst[39m 
metadata[33m:[39m 
[33mMetadata[39m 
[33m=[39m {[0m



https://nextjs.org/doc
s/messages/module-not-
found


    at <unknown> 
(./app/layout.tsx:3:1)
    at <unknown> (http
s://nextjs.org/docs/me
ssages/module-not-foun
d)
